{
  "schema_version": "wasm-abi/1",
  "types": {
    "AbiState": {
      "kind": "record",
      "fields": [
        {
          "name": "counters",
          "type": {
            "kind": "map",
            "key": {
              "kind": "string"
            },
            "value": {
              "kind": "u32"
            }
          }
        },
        {
          "name": "users",
          "type": {
            "kind": "list",
            "items": {
              "$ref": "UserId32"
            }
          }
        }
      ]
    },
    "Action": {
      "kind": "variant",
      "variants": [
        {
          "name": "Ping"
        },
        {
          "name": "SetName",
          "payload": {
            "kind": "string"
          }
        },
        {
          "name": "Update",
          "payload": {
            "$ref": "UpdatePayload"
          }
        }
      ]
    },
    "ConformanceError": {
      "kind": "variant",
      "variants": [
        {
          "name": "BadInput"
        },
        {
          "name": "NotFound",
          "payload": {
            "kind": "string"
          }
        }
      ]
    },
    "Hash64": {
      "kind": "alias",
      "target": {
        "kind": "bytes"
      }
    },
    "Person": {
      "kind": "record",
      "fields": [
        {
          "name": "id",
          "type": {
            "$ref": "UserId32"
          }
        },
        {
          "name": "name",
          "type": {
            "kind": "string"
          }
        },
        {
          "name": "age",
          "type": {
            "kind": "u32"
          }
        }
      ]
    },
    "Profile": {
      "kind": "record",
      "fields": [
        {
          "name": "bio",
          "type": {
            "kind": "string"
          },
          "nullable": true
        },
        {
          "name": "avatar",
          "type": {
            "kind": "bytes"
          },
          "nullable": true
        },
        {
          "name": "nicknames",
          "type": {
            "kind": "list",
            "items": {
              "kind": "string"
            }
          }
        }
      ]
    },
    "UpdatePayload": {
      "kind": "record",
      "fields": [
        {
          "name": "age",
          "type": {
            "kind": "u32"
          }
        }
      ]
    },
    "UserId32": {
      "kind": "alias",
      "target": {
        "kind": "bytes",
        "size": 32
      }
    }
  },
  "methods": [
    {
      "name": "init",
      "params": [],
      "returns": {
        "$ref": "AbiState"
      }
    },
    {
      "name": "noop",
      "params": [],
      "returns": {
        "kind": "unit"
      }
    },
    {
      "name": "echo_bool",
      "params": [
        {
          "name": "b",
          "type": {
            "kind": "bool"
          }
        }
      ],
      "returns": {
        "kind": "bool"
      }
    },
    {
      "name": "echo_i32",
      "params": [
        {
          "name": "x",
          "type": {
            "kind": "i32"
          }
        }
      ],
      "returns": {
        "kind": "i32"
      }
    },
    {
      "name": "echo_i64",
      "params": [
        {
          "name": "x",
          "type": {
            "kind": "i64"
          }
        }
      ],
      "returns": {
        "kind": "i64"
      }
    },
    {
      "name": "echo_u32",
      "params": [
        {
          "name": "x",
          "type": {
            "kind": "u32"
          }
        }
      ],
      "returns": {
        "kind": "u32"
      }
    },
    {
      "name": "echo_u64",
      "params": [
        {
          "name": "x",
          "type": {
            "kind": "u64"
          }
        }
      ],
      "returns": {
        "kind": "u64"
      }
    },
    {
      "name": "echo_f32",
      "params": [
        {
          "name": "x",
          "type": {
            "kind": "f32"
          }
        }
      ],
      "returns": {
        "kind": "f32"
      }
    },
    {
      "name": "echo_f64",
      "params": [
        {
          "name": "x",
          "type": {
            "kind": "f64"
          }
        }
      ],
      "returns": {
        "kind": "f64"
      }
    },
    {
      "name": "echo_string",
      "params": [
        {
          "name": "s",
          "type": {
            "kind": "string"
          }
        }
      ],
      "returns": {
        "kind": "string"
      }
    },
    {
      "name": "echo_bytes",
      "params": [
        {
          "name": "b",
          "type": {
            "kind": "bytes"
          }
        }
      ],
      "returns": {
        "kind": "bytes"
      }
    },
    {
      "name": "opt_u32",
      "params": [
        {
          "name": "x",
          "type": {
            "kind": "u32"
          },
          "nullable": true
        }
      ],
      "returns": {
        "kind": "u32"
      },
      "returns_nullable": true
    },
    {
      "name": "opt_string",
      "params": [
        {
          "name": "x",
          "type": {
            "kind": "string"
          },
          "nullable": true
        }
      ],
      "returns": {
        "kind": "string"
      },
      "returns_nullable": true
    },
    {
      "name": "opt_record",
      "params": [
        {
          "name": "p",
          "type": {
            "$ref": "Person"
          },
          "nullable": true
        }
      ],
      "returns": {
        "$ref": "Person"
      },
      "returns_nullable": true
    },
    {
      "name": "opt_id",
      "params": [
        {
          "name": "x",
          "type": {
            "$ref": "UserId32"
          },
          "nullable": true
        }
      ],
      "returns": {
        "$ref": "UserId32"
      },
      "returns_nullable": true
    },
    {
      "name": "list_u32",
      "params": [
        {
          "name": "xs",
          "type": {
            "kind": "list",
            "items": {
              "kind": "u32"
            }
          }
        }
      ],
      "returns": {
        "kind": "list",
        "items": {
          "kind": "u32"
        }
      }
    },
    {
      "name": "list_strings",
      "params": [
        {
          "name": "xs",
          "type": {
            "kind": "list",
            "items": {
              "kind": "string"
            }
          }
        }
      ],
      "returns": {
        "kind": "list",
        "items": {
          "kind": "string"
        }
      }
    },
    {
      "name": "list_records",
      "params": [
        {
          "name": "ps",
          "type": {
            "kind": "list",
            "items": {
              "$ref": "Person"
            }
          }
        }
      ],
      "returns": {
        "kind": "list",
        "items": {
          "$ref": "Person"
        }
      }
    },
    {
      "name": "list_ids",
      "params": [
        {
          "name": "xs",
          "type": {
            "kind": "list",
            "items": {
              "$ref": "UserId32"
            }
          }
        }
      ],
      "returns": {
        "kind": "list",
        "items": {
          "$ref": "UserId32"
        }
      }
    },
    {
      "name": "map_u32",
      "params": [
        {
          "name": "m",
          "type": {
            "kind": "map",
            "key": {
              "kind": "string"
            },
            "value": {
              "kind": "u32"
            }
          }
        }
      ],
      "returns": {
        "kind": "map",
        "key": {
          "kind": "string"
        },
        "value": {
          "kind": "u32"
        }
      }
    },
    {
      "name": "map_list_u32",
      "params": [
        {
          "name": "m",
          "type": {
            "kind": "map",
            "key": {
              "kind": "string"
            },
            "value": {
              "kind": "list",
              "items": {
                "kind": "u32"
              }
            }
          }
        }
      ],
      "returns": {
        "kind": "map",
        "key": {
          "kind": "string"
        },
        "value": {
          "kind": "list",
          "items": {
            "kind": "u32"
          }
        }
      }
    },
    {
      "name": "map_record",
      "params": [
        {
          "name": "m",
          "type": {
            "kind": "map",
            "key": {
              "kind": "string"
            },
            "value": {
              "$ref": "Person"
            }
          }
        }
      ],
      "returns": {
        "kind": "map",
        "key": {
          "kind": "string"
        },
        "value": {
          "$ref": "Person"
        }
      }
    },
    {
      "name": "make_person",
      "params": [
        {
          "name": "p",
          "type": {
            "$ref": "Person"
          }
        }
      ],
      "returns": {
        "$ref": "Person"
      }
    },
    {
      "name": "profile_roundtrip",
      "params": [
        {
          "name": "p",
          "type": {
            "$ref": "Profile"
          }
        }
      ],
      "returns": {
        "$ref": "Profile"
      }
    },
    {
      "name": "act",
      "params": [
        {
          "name": "a",
          "type": {
            "$ref": "Action"
          }
        }
      ],
      "returns": {
        "kind": "u32"
      }
    },
    {
      "name": "roundtrip_id",
      "params": [
        {
          "name": "x",
          "type": {
            "$ref": "UserId32"
          }
        }
      ],
      "returns": {
        "$ref": "UserId32"
      }
    },
    {
      "name": "roundtrip_hash",
      "params": [
        {
          "name": "h",
          "type": {
            "$ref": "Hash64"
          }
        }
      ],
      "returns": {
        "$ref": "Hash64"
      }
    },
    {
      "name": "may_fail",
      "params": [
        {
          "name": "flag",
          "type": {
            "kind": "bool"
          }
        }
      ],
      "returns": {
        "kind": "u32"
      }
    },
    {
      "name": "find_person",
      "params": [
        {
          "name": "name",
          "type": {
            "kind": "string"
          }
        }
      ],
      "returns": {
        "$ref": "Person"
      }
    }
  ],
  "events": [
    {
      "name": "Ping"
    },
    {
      "name": "Named",
      "payload": {
        "kind": "string"
      }
    },
    {
      "name": "Data",
      "payload": {
        "kind": "bytes"
      }
    },
    {
      "name": "PersonUpdated",
      "payload": {
        "$ref": "Person"
      }
    },
    {
      "name": "ActionTaken",
      "payload": {
        "$ref": "Action"
      }
    }
  ]
}
